설정: hop 512 · L 216 · 근거리오버샘플 False · fine False
  train 120 · test 40 정지 클립
학습셋 합성·멜·f0타깃 4000개…
  완료 (145s) 멜(4000, 64, 216) f0(4000, 216)
[순수 신경망 멜→속도] params 189K · mps
  ep00 v-huber 121.10 f0-mse 0.047 (168s)
  ep05 v-huber 89.80 f0-mse 0.027 (281s)
  ep10 v-huber 71.31 f0-mse 0.045 (398s)
  ep15 v-huber 56.63 f0-mse 0.043 (508s)
  ep20 v-huber 48.81 f0-mse 0.043 (612s)
  ep25 v-huber 44.43 f0-mse 0.043 (716s)
  ep29 v-huber 43.46 f0-mse 0.043 (799s)
[저장] models/speed_neural_dom.pt

==================================================================
순수 신경망 멜→속도 vs 물리 — 속도 중앙값오차(km/h), f0추출 상관
==================================================================
   SNR  d_min     신경망     물리A    f0상관    A기권
 clean     5m    17.5     4.5    0.44    10%
 clean    15m     8.2    11.4    0.45     9%
 clean    30m     8.7    18.9    0.45     8%
  20.0     5m    17.5     3.0    0.45     6%
  20.0    15m     6.6     9.9    0.47     8%
  20.0    30m     9.9    16.8    0.47     6%
  10.0     5m    14.5     3.6    0.44     9%
  10.0    15m     6.8     9.9    0.45     8%
  10.0    30m    11.5    16.7    0.45     8%
   5.0     5m    16.3     4.1    0.42    11%
   5.0    15m     5.8    10.1    0.43     8%
   5.0    30m    11.2    16.3    0.43     6%
