설정: hop 512 · L 216 · 근거리오버샘플 False · fine False
  train 120 · test 40 정지 클립
학습셋 합성·멜·f0타깃 6000개… (+방향 위상 샘플링)
  완료 (136s) 멜(6000, 64, 216) f0(6000, 216) 방향분포 [1188, 1238, 1828, 1746](-1/정지/접근/멀어짐)
[순수 신경망 멜→속도+방향] params 193K · mps
  ep00 v-huber 112.60 f0-mse 0.040 dir-ce 1.089 (171s)
  ep05 v-huber 103.59 f0-mse 0.024 dir-ce 1.086 (335s)
  ep10 v-huber 59.23 f0-mse 0.048 dir-ce 0.450 (498s)
  ep15 v-huber 49.58 f0-mse 0.044 dir-ce 0.394 (664s)
  ep20 v-huber 38.46 f0-mse 0.041 dir-ce 0.369 (828s)
  ep25 v-huber 32.00 f0-mse 0.040 dir-ce 0.355 (991s)
  ep30 v-huber 28.27 f0-mse 0.040 dir-ce 0.335 (1155s)
  ep35 v-huber 26.39 f0-mse 0.040 dir-ce 0.324 (1319s)
  ep39 v-huber 26.15 f0-mse 0.040 dir-ce 0.324 (1450s)
[저장] models/speed_neural_dir.pt

==================================================================
순수 신경망 멜→속도 vs 물리 — 속도 중앙값오차(km/h), f0추출 상관
==================================================================
   SNR  d_min     신경망     물리A    f0상관    A기권
 clean     5m    13.7     4.5    0.46    10%
 clean    15m     5.3    11.4    0.48     9%
 clean    30m    17.5    18.9    0.49     8%
  20.0     5m    14.9     3.0    0.42     6%
  20.0    15m     9.0     9.9    0.42     8%
  20.0    30m    17.9    16.8    0.43     6%
  10.0     5m    13.4     3.6    0.45     9%
  10.0    15m     7.6     9.9    0.47     8%
  10.0    30m    17.3    16.7    0.49     8%
   5.0     5m    14.4     4.1    0.43    11%
   5.0    15m     9.4    10.1    0.46     8%
   5.0    30m    17.5    16.3    0.47     6%

방향 헤드 평가 — 위상별 정확도·v̂중앙값 (SNR 10, d 3~30 랜덤, n=150)
  정지   acc  83.3%   v̂중앙값   2.0 km/h
  접근   acc  86.0%   v̂중앙값  44.0 km/h
  멀어짐  acc  84.0%   v̂중앙값  39.8 km/h
  (정지 v̂중앙값 ~0 근접 = OOD 바닥(6~10km/h) 완화 확인 지표)
