AI-Hub train 19,554 / 유튜브 창 442 (구급차:188 경찰차:79 소방차:175) / yt-frac 0.4
  ep00 loss 0.653  AI-Hub val 84.4%  (10s)
  ep01 loss 0.445  AI-Hub val 85.9%  (14s)
  ep02 loss 0.387  AI-Hub val 86.3%  (17s)
  ep03 loss 0.326  AI-Hub val 86.8%  (21s)
  ep04 loss 0.272  AI-Hub val 86.9%  (24s)
  ep05 loss 0.254  AI-Hub val 86.2%  (28s)
  ep06 loss 0.234  AI-Hub val 86.4%  (32s)
  ep07 loss 0.232  AI-Hub val 86.7%  (35s)
  ep08 loss 0.205  AI-Hub val 87.4%  (39s)
  ep09 loss 0.196  AI-Hub val 87.3%  (42s)
[저장] models/subtype_cnn_attn_yt_s42.pt

AI-Hub test: 86.0%  (기존 _dom 89.2% — 회귀 확인용)
held-out(학습 미포함 실채널 클립):
  경찰차__police1             정답 경찰차  예측 구급차  ❌ (22창)
  경찰차__police2             정답 경찰차  예측 경찰차  ✅ (6창)
  구급차__ambulance1          정답 구급차  예측 구급차  ✅ (3창)
  소방차__fire1               정답 소방차  예측 경찰차  ❌ (14창)
  소방차__fire2               정답 소방차  예측 소방차  ✅ (14창)
  → 3/5 (파인튜닝 전 1/5)
