AI-Hub train 19,554 / 유튜브 창 725 (구급차:164 경찰차:162 소방차:399) / yt-frac 0.4
  ep00 loss 0.770  AI-Hub val 85.2%  (9s)
  ep01 loss 0.532  AI-Hub val 86.6%  (13s)
  ep02 loss 0.459  AI-Hub val 85.8%  (17s)
  ep03 loss 0.406  AI-Hub val 85.8%  (20s)
  ep04 loss 0.362  AI-Hub val 87.0%  (24s)
  ep05 loss 0.333  AI-Hub val 86.6%  (27s)
  ep06 loss 0.305  AI-Hub val 86.1%  (31s)
  ep07 loss 0.293  AI-Hub val 87.3%  (35s)
  ep08 loss 0.256  AI-Hub val 87.9%  (39s)
  ep09 loss 0.251  AI-Hub val 87.3%  (43s)
[저장] models/subtype_cnn_attn_yt_s42.pt

AI-Hub test: 85.7%  (기존 _dom 89.2% — 회귀 확인용)
held-out(학습 미포함 실채널 클립):
  경찰차__FXr3h2jj9to         정답 경찰차  예측 경찰차  ✅ (8창)
  경찰차__khWAXw4bqGk         정답 경찰차  예측 구급차  ❌ (26창)
  경찰차__police1             정답 경찰차  예측 구급차  ❌ (22창)
  경찰차__police2             정답 경찰차  예측 구급차  ❌ (6창)
  구급차__JVRS65kpYOI         정답 구급차  예측 구급차  ✅ (47창)
  구급차__SMkDO8pz8Lo         정답 구급차  예측 경찰차  ❌ (3창)
  구급차__ambulance1          정답 구급차  예측 구급차  ✅ (3창)
  소방차__Ca2CDMDKRJI         정답 소방차  예측 경찰차  ❌ (50창)
  소방차__fire1               정답 소방차  예측 경찰차  ❌ (14창)
  소방차__fire2               정답 소방차  예측 구급차  ❌ (14창)
  소방차__uKh9k9FpTmk         정답 소방차  예측 구급차  ❌ (14창)
  → 3/11 (파인튜닝 전 1/5)
