AI-Hub train 19,554 / 유튜브 창 799 (구급차:188 경찰차:178 소방차:433) / yt-frac 0.4
  ep00 loss 0.820  AI-Hub val 85.2%  (9s)
  ep01 loss 0.553  AI-Hub val 85.0%  (13s)
  ep02 loss 0.479  AI-Hub val 84.4%  (17s)
  ep03 loss 0.410  AI-Hub val 86.6%  (20s)
  ep04 loss 0.368  AI-Hub val 86.9%  (24s)
  ep05 loss 0.344  AI-Hub val 86.0%  (27s)
  ep06 loss 0.320  AI-Hub val 86.2%  (31s)
  ep07 loss 0.328  AI-Hub val 88.6%  (35s)
  ep08 loss 0.276  AI-Hub val 87.7%  (38s)
  ep09 loss 0.267  AI-Hub val 88.2%  (42s)
[저장] models/subtype_cnn_attn_yt_s42.pt

AI-Hub test: 86.1%  (기존 _dom 89.2% — 회귀 확인용)
held-out(학습 미포함 실채널 클립):
  경찰차__police1             정답 경찰차  예측 구급차  ❌ (22창)
  경찰차__police2             정답 경찰차  예측 구급차  ❌ (6창)
  구급차__ambulance1          정답 구급차  예측 구급차  ✅ (3창)
  소방차__fire1               정답 소방차  예측 경찰차  ❌ (14창)
  소방차__fire2               정답 소방차  예측 소방차  ✅ (14창)
  → 2/5 (파인튜닝 전 1/5)
